Program (
    List (
        FunDef (
            "commentsok1",
            List (Arg ("a")),
            List (Arg ("b")),
            Block (
                List (
                    Assign (List (Var ("a")), List (IntLit (1))),
                    Assign (List (Var ("a")), List (IntLit (1))))))))
def commentsok1(a): (b) {
    a = 1;
    a = 1;
}

