Program (
    Vector (
        FunDef (
            "funcok1",
            Vector (Arg ("x"), Arg ("y")),
            Vector (Arg ("o1"), Arg ("o2")),
            Block (
                Vector (
                    Assign (Vector (Var ("a")), Vector (IntLit (1))),
                    Assign (
                        Vector (Var ("o1")),
                        Vector (Add (ELoad (Var ("x")), ELoad (Var ("y"))))),
                    Assign (Vector (Var ("o2")), Vector (IntLit (100))))))))
def funcok1(x, y): (o1, o2) {
    a = 1;
    o1 = x + y;
    o2 = 100;
}

