src/test/scala/au/edu/mq/comp/perentiemq/iml/syntax/funcerr2.iml:2:19: identifier expected
def funcerr2(x): () {
                  ^
