src/test/scala/au/edu/mq/comp/perentiemq/iml/syntax/keyworderr1.iml:2:5: identifier expected
def if(a): (b) = {
    ^
