1
assertion failed at line 6 column 10
exit code: 255
