Program (
    Vector (
        FunDef (
            "exprok1",
            Vector (Arg ("a")),
            Vector (Arg ("b")),
            Block (
                Vector (
                    Assign (
                        Vector (Var ("a")),
                        Vector (Add (ELoad (Var ("a")), ELoad (Var ("b"))))),
                    Assign (
                        Vector (Var ("a")),
                        Vector (Sub (ELoad (Var ("a")), ELoad (Var ("b"))))),
                    Assign (
                        Vector (Var ("a")),
                        Vector (Mul (ELoad (Var ("a")), ELoad (Var ("b"))))),
                    Assign (
                        Vector (Var ("a")),
                        Vector (Mod (ELoad (Var ("a")), ELoad (Var ("b"))))),
                    Assign (
                        Vector (Var ("a")),
                        Vector (Neg (ELoad (Var ("b"))))),
                    Assign (Vector (Var ("a")), Vector (ELoad (Var ("b")))),
                    Assign (
                        Vector (Var ("a")),
                        Vector (ELoad (Index (Var ("b"), IntLit (1))))),
                    Assign (
                        Vector (Var ("a")),
                        Vector (
                            ELoad (
                                Index (
                                    Index (Var ("b"), IntLit (1)),
                                    IntLit (2))))),
                    Assign (Vector (Var ("a")), Vector (IntLit (100))),
                    Assign (
                        Vector (Var ("a")),
                        Vector (
                            Add (
                                ELoad (Var ("b")),
                                Mul (ELoad (Var ("c")), ELoad (Var ("d")))))),
                    Assign (
                        Vector (Var ("a")),
                        Vector (
                            Add (
                                Mul (ELoad (Var ("b")), ELoad (Var ("c"))),
                                ELoad (Var ("d"))))),
                    Assign (
                        Vector (Var ("a")),
                        Vector (
                            Sub (
                                ELoad (Var ("b")),
                                Mul (ELoad (Var ("c")), ELoad (Var ("d")))))),
                    Assign (
                        Vector (Var ("a")),
                        Vector (
                            Sub (
                                Mul (ELoad (Var ("b")), ELoad (Var ("c"))),
                                ELoad (Var ("d"))))),
                    Assign (
                        Vector (Var ("a")),
                        Vector (
                            Add (
                                ELoad (Var ("b")),
                                Div (ELoad (Var ("c")), ELoad (Var ("d")))))),
                    Assign (
                        Vector (Var ("a")),
                        Vector (
                            Add (
                                Div (ELoad (Var ("b")), ELoad (Var ("c"))),
                                ELoad (Var ("d"))))),
                    Assign (
                        Vector (Var ("a")),
                        Vector (
                            Sub (
                                ELoad (Var ("b")),
                                Div (ELoad (Var ("c")), ELoad (Var ("d")))))),
                    Assign (
                        Vector (Var ("a")),
                        Vector (
                            Sub (
                                Div (ELoad (Var ("b")), ELoad (Var ("c"))),
                                ELoad (Var ("d"))))),
                    Assign (
                        Vector (Var ("a")),
                        Vector (
                            Add (
                                ELoad (Var ("b")),
                                Mod (ELoad (Var ("c")), ELoad (Var ("d")))))),
                    Assign (
                        Vector (Var ("a")),
                        Vector (
                            Add (
                                Mod (ELoad (Var ("b")), ELoad (Var ("c"))),
                                ELoad (Var ("d"))))),
                    Assign (
                        Vector (Var ("a")),
                        Vector (
                            Sub (
                                ELoad (Var ("b")),
                                Mod (ELoad (Var ("c")), ELoad (Var ("d")))))),
                    Assign (
                        Vector (Var ("a")),
                        Vector (
                            Sub (
                                Mod (ELoad (Var ("b")), ELoad (Var ("c"))),
                                ELoad (Var ("d"))))),
                    Assign (
                        Vector (Var ("a")),
                        Vector (
                            Add (
                                Add (ELoad (Var ("b")), ELoad (Var ("c"))),
                                ELoad (Var ("d"))))),
                    Assign (
                        Vector (Var ("a")),
                        Vector (
                            Sub (
                                Add (ELoad (Var ("b")), ELoad (Var ("c"))),
                                ELoad (Var ("d"))))),
                    Assign (
                        Vector (Var ("a")),
                        Vector (
                            Add (
                                Sub (ELoad (Var ("b")), ELoad (Var ("c"))),
                                ELoad (Var ("d"))))),
                    Assign (
                        Vector (Var ("a")),
                        Vector (
                            Sub (
                                Sub (ELoad (Var ("b")), ELoad (Var ("c"))),
                                ELoad (Var ("d"))))),
                    Assign (
                        Vector (Var ("a")),
                        Vector (
                            Mul (
                                Mul (ELoad (Var ("b")), ELoad (Var ("c"))),
                                ELoad (Var ("d"))))),
                    Assign (
                        Vector (Var ("a")),
                        Vector (
                            Div (
                                Mul (ELoad (Var ("b")), ELoad (Var ("c"))),
                                ELoad (Var ("d"))))),
                    Assign (
                        Vector (Var ("a")),
                        Vector (
                            Mod (
                                Mul (ELoad (Var ("b")), ELoad (Var ("c"))),
                                ELoad (Var ("d"))))),
                    Assign (
                        Vector (Var ("a")),
                        Vector (
                            Mul (
                                Mod (ELoad (Var ("b")), ELoad (Var ("c"))),
                                ELoad (Var ("d"))))),
                    Assign (
                        Vector (Var ("a")),
                        Vector (
                            Div (
                                Div (ELoad (Var ("b")), ELoad (Var ("c"))),
                                ELoad (Var ("d"))))),
                    Assign (
                        Vector (Var ("a")),
                        Vector (
                            Mod (
                                Div (ELoad (Var ("b")), ELoad (Var ("c"))),
                                ELoad (Var ("d"))))),
                    Assign (
                        Vector (Var ("a")),
                        Vector (
                            Div (
                                Mod (ELoad (Var ("b")), ELoad (Var ("c"))),
                                ELoad (Var ("d"))))),
                    Assign (
                        Vector (Var ("a")),
                        Vector (
                            Mod (
                                Mod (ELoad (Var ("b")), ELoad (Var ("c"))),
                                ELoad (Var ("d"))))),
                    Assign (
                        Vector (Var ("a")),
                        Vector (
                            Mul (
                                Add (ELoad (Var ("b")), ELoad (Var ("c"))),
                                ELoad (Var ("d"))))),
                    Assign (
                        Vector (Var ("a")),
                        Vector (
                            Mul (
                                ELoad (Var ("b")),
                                Add (ELoad (Var ("c")), ELoad (Var ("d")))))),
                    Assign (
                        Vector (Var ("a")),
                        Vector (
                            Add (
                                ELoad (Var ("b")),
                                Add (ELoad (Var ("c")), ELoad (Var ("d")))))))))))
def exprok1(a): (b) {
    a = a + b;
    a = a - b;
    a = a * b;
    a = a % b;
    a = -b;
    a = b;
    a = b[1];
    a = b[1][2];
    a = 100;
    a = b + c * d;
    a = b * c + d;
    a = b - c * d;
    a = b * c - d;
    a = b + c / d;
    a = b / c + d;
    a = b - c / d;
    a = b / c - d;
    a = b + c % d;
    a = b % c + d;
    a = b - c % d;
    a = b % c - d;
    a = b + c + d;
    a = b + c - d;
    a = b - c + d;
    a = b - c - d;
    a = b * c * d;
    a = b * c / d;
    a = b * c % d;
    a = b % c * d;
    a = b / c / d;
    a = b / c % d;
    a = b % c / d;
    a = b % c % d;
    a = (b + c) * d;
    a = b * (c + d);
    a = b + (c + d);
}

