src/test/scala/au/edu/mq/comp/skink/iml/syntax/funcerr1.iml:1:1: function definition expected

^
