src/test/scala/au/edu/mq/comp/skink/iml/syntax/funcerr4.iml:3:1: non block statement expected
}
^
