src/test/scala/au/edu/mq/comp/skink/iml/syntax/prederr3.iml:3:20: ')' expected
    assert (a <= b <= c);
                   ^
