Program (
    Vector (
        FunDef (
            "printing",
            Vector (Arg ("a")),
            Vector (Arg ("b")),
            Block (
                Vector (
                    Print (ELoad (Var ("a"))),
                    Print (Add (ELoad (Var ("a")), ELoad (Var ("b")))))))))
def printing(a): (b) {
    print (a);
    print (a + b);
}

