Program (
    Vector (
        FunDef (
            "stmtok1",
            Vector (Arg ("a")),
            Vector (Arg ("b")),
            Block (
                Vector (
                    Assert (EQ (ELoad (Var ("a")), ELoad (Var ("b")))),
                    Assign (Vector (Var ("c")), Vector (IntLit (1))),
                    Assign (
                        Vector (Var ("a")),
                        Vector (Add (ELoad (Var ("b")), ELoad (Var ("c"))))),
                    Assign (
                        Vector (Var ("a"), Var ("b")),
                        Vector (IntLit (10))),
                    Assign (
                        Vector (Var ("a"), Var ("b")),
                        Vector (
                            ELoad (Var ("c")),
                            ELoad (Var ("d")),
                            ELoad (Var ("e")))),
                    Assume (EQ (ELoad (Var ("a")), ELoad (Var ("b")))),
                    Call (
                        Vector (Var ("a")),
                        "f",
                        Vector (ELoad (Var ("a")))),
                    Call (
                        Vector (Var ("b")),
                        "g",
                        Vector (ELoad (Var ("a")), ELoad (Var ("b")))),
                    If (
                        EQ (ELoad (Var ("a")), ELoad (Var ("b"))),
                        Assign (Vector (Var ("a")), Vector (IntLit (1))),
                        Assign (Vector (Var ("a")), Vector (IntLit (2)))),
                    If (
                        EQ (ELoad (Var ("a")), ELoad (Var ("b"))),
                        If (
                            EQ (ELoad (Var ("b")), IntLit (1)),
                            Assign (Vector (Var ("a")), Vector (IntLit (1))),
                            Assign (Vector (Var ("a")), Vector (IntLit (2)))),
                        Assign (Vector (Var ("a")), Vector (IntLit (3)))),
                    Goto ("label"),
                    Label (
                        "label",
                        Assign (Vector (Var ("a")), Vector (IntLit (2)))),
                    Skip (),
                    While (
                        NEQ (ELoad (Var ("a")), ELoad (Var ("b"))),
                        Assign (
                            Vector (Var ("a")),
                            Vector (Add (ELoad (Var ("a")), IntLit (1))))),
                    While (
                        LT (ELoad (Var ("a")), IntLit (10)),
                        Block (
                            Vector (
                                Assign (
                                    Vector (Var ("a")),
                                    Vector (
                                        Add (ELoad (Var ("a")), IntLit (1)))),
                                Assign (
                                    Vector (Var ("b")),
                                    Vector (
                                        Sub (ELoad (Var ("b")), IntLit (1))))))))))))
def stmtok1(a): (b) {
    assert (a == b);
    c = 1;
    a = b + c;
    a, b = 10;
    a, b = c, d, e;
    assume (a == b);
    a = f(a);
    b = g(a, b);
    if (a == b)
        a = 1;
    else
        a = 2;
    if (a == b)
        if (b == 1)
            a = 1;
        else
            a = 2;
    else
        a = 3;
    goto label;
    label:
        a = 2;
    skip;
    while (a != b)
        a = a + 1;
    while (a < 10) {
        a = a + 1;
        b = b - 1;
    }
}

