src/test/scala/au/edu/mq/comp/perentiemq/iml/funcerr5.iml:3:1: error: non block statement expected
}
^

